Archive member included to satisfy reference by file (symbol)

c:/program files (x86)/atmel/studio/7.0/toolchain/avr8/avr8-gnu-toolchain/bin/../lib/gcc/avr/4.9.2/avrxmega6\libgcc.a(_exit.o)
                              C:/Program Files (x86)/Atmel/Studio/7.0/Packs/atmel/XMEGAA_DFP/1.0.36/gcc/dev/atxmega128a3u/avrxmega6/crtatxmega128a3u.o (exit)
c:/program files (x86)/atmel/studio/7.0/toolchain/avr8/avr8-gnu-toolchain/bin/../lib/gcc/avr/4.9.2/avrxmega6\libgcc.a(_copy_data.o)
                              main.o (__do_copy_data)

Discarded input sections

 .data          0x00000000        0x0 C:/Program Files (x86)/Atmel/Studio/7.0/Packs/atmel/XMEGAA_DFP/1.0.36/gcc/dev/atxmega128a3u/avrxmega6/crtatxmega128a3u.o
 .bss           0x00000000        0x0 C:/Program Files (x86)/Atmel/Studio/7.0/Packs/atmel/XMEGAA_DFP/1.0.36/gcc/dev/atxmega128a3u/avrxmega6/crtatxmega128a3u.o
 .text          0x00000000        0x0 main.o
 .data          0x00000000        0x0 main.o
 .bss           0x00000000        0x0 main.o
 .text.DS2321_init
                0x00000000       0x40 main.o
 .data.internal_adress
                0x00000000        0x1 main.o
 .text          0x00000000        0x0 Oscylator_init.o
 .data          0x00000000        0x0 Oscylator_init.o
 .bss           0x00000000        0x0 Oscylator_init.o
 .text          0x00000000        0x0 TWI_XMEGA.o
 .data          0x00000000        0x0 TWI_XMEGA.o
 .bss           0x00000000        0x0 TWI_XMEGA.o
 .text.TWI_StartTransmission
                0x00000000       0x5a TWI_XMEGA.o
 .text.TWI_SendByte
                0x00000000       0x24 TWI_XMEGA.o
 .text.TWI_ReceiveByte
                0x00000000       0x2e TWI_XMEGA.o
 .text.TWI_ReadPacket
                0x00000000       0xa6 TWI_XMEGA.o
 .text.TWI_WritePacket
                0x00000000       0x94 TWI_XMEGA.o
 .debug_info    0x00000000      0x668 TWI_XMEGA.o
 .debug_abbrev  0x00000000      0x1f0 TWI_XMEGA.o
 .debug_loc     0x00000000      0x6d7 TWI_XMEGA.o
 .debug_aranges
                0x00000000       0x40 TWI_XMEGA.o
 .debug_ranges  0x00000000       0x48 TWI_XMEGA.o
 .debug_line    0x00000000      0x23a TWI_XMEGA.o
 .debug_str     0x00000000      0x471 TWI_XMEGA.o
 .comment       0x00000000       0x31 TWI_XMEGA.o
 .debug_frame   0x00000000       0xdc TWI_XMEGA.o
 .text          0x00000000        0x0 c:/program files (x86)/atmel/studio/7.0/toolchain/avr8/avr8-gnu-toolchain/bin/../lib/gcc/avr/4.9.2/avrxmega6\libgcc.a(_exit.o)
 .data          0x00000000        0x0 c:/program files (x86)/atmel/studio/7.0/toolchain/avr8/avr8-gnu-toolchain/bin/../lib/gcc/avr/4.9.2/avrxmega6\libgcc.a(_exit.o)
 .bss           0x00000000        0x0 c:/program files (x86)/atmel/studio/7.0/toolchain/avr8/avr8-gnu-toolchain/bin/../lib/gcc/avr/4.9.2/avrxmega6\libgcc.a(_exit.o)
 .text.libgcc.mul
                0x00000000        0x0 c:/program files (x86)/atmel/studio/7.0/toolchain/avr8/avr8-gnu-toolchain/bin/../lib/gcc/avr/4.9.2/avrxmega6\libgcc.a(_exit.o)
 .text.libgcc.div
                0x00000000        0x0 c:/program files (x86)/atmel/studio/7.0/toolchain/avr8/avr8-gnu-toolchain/bin/../lib/gcc/avr/4.9.2/avrxmega6\libgcc.a(_exit.o)
 .text.libgcc   0x00000000        0x0 c:/program files (x86)/atmel/studio/7.0/toolchain/avr8/avr8-gnu-toolchain/bin/../lib/gcc/avr/4.9.2/avrxmega6\libgcc.a(_exit.o)
 .text.libgcc.prologue
                0x00000000        0x0 c:/program files (x86)/atmel/studio/7.0/toolchain/avr8/avr8-gnu-toolchain/bin/../lib/gcc/avr/4.9.2/avrxmega6\libgcc.a(_exit.o)
 .text.libgcc.builtins
                0x00000000        0x0 c:/program files (x86)/atmel/studio/7.0/toolchain/avr8/avr8-gnu-toolchain/bin/../lib/gcc/avr/4.9.2/avrxmega6\libgcc.a(_exit.o)
 .text.libgcc.fmul
                0x00000000        0x0 c:/program files (x86)/atmel/studio/7.0/toolchain/avr8/avr8-gnu-toolchain/bin/../lib/gcc/avr/4.9.2/avrxmega6\libgcc.a(_exit.o)
 .text.libgcc.fixed
                0x00000000        0x0 c:/program files (x86)/atmel/studio/7.0/toolchain/avr8/avr8-gnu-toolchain/bin/../lib/gcc/avr/4.9.2/avrxmega6\libgcc.a(_exit.o)
 .text          0x00000000        0x0 c:/program files (x86)/atmel/studio/7.0/toolchain/avr8/avr8-gnu-toolchain/bin/../lib/gcc/avr/4.9.2/avrxmega6\libgcc.a(_copy_data.o)
 .data          0x00000000        0x0 c:/program files (x86)/atmel/studio/7.0/toolchain/avr8/avr8-gnu-toolchain/bin/../lib/gcc/avr/4.9.2/avrxmega6\libgcc.a(_copy_data.o)
 .bss           0x00000000        0x0 c:/program files (x86)/atmel/studio/7.0/toolchain/avr8/avr8-gnu-toolchain/bin/../lib/gcc/avr/4.9.2/avrxmega6\libgcc.a(_copy_data.o)
 .text.libgcc.mul
                0x00000000        0x0 c:/program files (x86)/atmel/studio/7.0/toolchain/avr8/avr8-gnu-toolchain/bin/../lib/gcc/avr/4.9.2/avrxmega6\libgcc.a(_copy_data.o)
 .text.libgcc.div
                0x00000000        0x0 c:/program files (x86)/atmel/studio/7.0/toolchain/avr8/avr8-gnu-toolchain/bin/../lib/gcc/avr/4.9.2/avrxmega6\libgcc.a(_copy_data.o)
 .text.libgcc   0x00000000        0x0 c:/program files (x86)/atmel/studio/7.0/toolchain/avr8/avr8-gnu-toolchain/bin/../lib/gcc/avr/4.9.2/avrxmega6\libgcc.a(_copy_data.o)
 .text.libgcc.prologue
                0x00000000        0x0 c:/program files (x86)/atmel/studio/7.0/toolchain/avr8/avr8-gnu-toolchain/bin/../lib/gcc/avr/4.9.2/avrxmega6\libgcc.a(_copy_data.o)
 .text.libgcc.builtins
                0x00000000        0x0 c:/program files (x86)/atmel/studio/7.0/toolchain/avr8/avr8-gnu-toolchain/bin/../lib/gcc/avr/4.9.2/avrxmega6\libgcc.a(_copy_data.o)
 .text.libgcc.fmul
                0x00000000        0x0 c:/program files (x86)/atmel/studio/7.0/toolchain/avr8/avr8-gnu-toolchain/bin/../lib/gcc/avr/4.9.2/avrxmega6\libgcc.a(_copy_data.o)
 .text.libgcc.fixed
                0x00000000        0x0 c:/program files (x86)/atmel/studio/7.0/toolchain/avr8/avr8-gnu-toolchain/bin/../lib/gcc/avr/4.9.2/avrxmega6\libgcc.a(_copy_data.o)

Memory Configuration

Name             Origin             Length             Attributes
text             0x00000000         0x00100000         xr
data             0x00802000         0x0000ffa0         rw !x
eeprom           0x00810000         0x00010000         rw !x
fuse             0x00820000         0x00000400         rw !x
lock             0x00830000         0x00000400         rw !x
signature        0x00840000         0x00000400         rw !x
user_signatures  0x00850000         0x00000400         rw !x
*default*        0x00000000         0xffffffff

Linker script and memory map

LOAD C:/Program Files (x86)/Atmel/Studio/7.0/Packs/atmel/XMEGAA_DFP/1.0.36/gcc/dev/atxmega128a3u/avrxmega6/crtatxmega128a3u.o
LOAD main.o
LOAD Oscylator_init.o
LOAD TWI_XMEGA.o
START GROUP
LOAD c:/program files (x86)/atmel/studio/7.0/toolchain/avr8/avr8-gnu-toolchain/bin/../lib/gcc/avr/4.9.2/../../../../avr/lib/avrxmega6\libm.a
END GROUP
START GROUP
LOAD c:/program files (x86)/atmel/studio/7.0/toolchain/avr8/avr8-gnu-toolchain/bin/../lib/gcc/avr/4.9.2/avrxmega6\libgcc.a
LOAD c:/program files (x86)/atmel/studio/7.0/toolchain/avr8/avr8-gnu-toolchain/bin/../lib/gcc/avr/4.9.2/../../../../avr/lib/avrxmega6\libm.a
LOAD c:/program files (x86)/atmel/studio/7.0/toolchain/avr8/avr8-gnu-toolchain/bin/../lib/gcc/avr/4.9.2/../../../../avr/lib/avrxmega6\libc.a
LOAD C:/Program Files (x86)/Atmel/Studio/7.0/Packs/atmel/XMEGAA_DFP/1.0.36/gcc/dev/atxmega128a3u/avrxmega6\libatxmega128a3u.a
END GROUP

.hash
 *(.hash)

.dynsym
 *(.dynsym)

.dynstr
 *(.dynstr)

.gnu.version
 *(.gnu.version)

.gnu.version_d
 *(.gnu.version_d)

.gnu.version_r
 *(.gnu.version_r)

.rel.init
 *(.rel.init)

.rela.init
 *(.rela.init)

.rel.text
 *(.rel.text)
 *(.rel.text.*)
 *(.rel.gnu.linkonce.t*)

.rela.text
 *(.rela.text)
 *(.rela.text.*)
 *(.rela.gnu.linkonce.t*)

.rel.fini
 *(.rel.fini)

.rela.fini
 *(.rela.fini)

.rel.rodata
 *(.rel.rodata)
 *(.rel.rodata.*)
 *(.rel.gnu.linkonce.r*)

.rela.rodata
 *(.rela.rodata)
 *(.rela.rodata.*)
 *(.rela.gnu.linkonce.r*)

.rel.data
 *(.rel.data)
 *(.rel.data.*)
 *(.rel.gnu.linkonce.d*)

.rela.data
 *(.rela.data)
 *(.rela.data.*)
 *(.rela.gnu.linkonce.d*)

.rel.ctors
 *(.rel.ctors)

.rela.ctors
 *(.rela.ctors)

.rel.dtors
 *(.rel.dtors)

.rela.dtors
 *(.rela.dtors)

.rel.got
 *(.rel.got)

.rela.got
 *(.rela.got)

.rel.bss
 *(.rel.bss)

.rela.bss
 *(.rela.bss)

.rel.plt
 *(.rel.plt)

.rela.plt
 *(.rela.plt)

.text           0x00000000      0x2a6
 *(.vectors)
 .vectors       0x00000000      0x1fc C:/Program Files (x86)/Atmel/Studio/7.0/Packs/atmel/XMEGAA_DFP/1.0.36/gcc/dev/atxmega128a3u/avrxmega6/crtatxmega128a3u.o
                0x00000000                __vector_default
                0x00000000                __vectors
 *(.vectors)
 *(.progmem.gcc*)
                0x000001fc                . = ALIGN (0x2)
                0x000001fc                __trampolines_start = .
 *(.trampolines)
 .trampolines   0x000001fc        0x0 linker stubs
 *(.trampolines*)
                0x000001fc                __trampolines_end = .
 *(.progmem*)
                0x000001fc                . = ALIGN (0x2)
 *(.jumptables)
 *(.jumptables*)
 *(.lowtext)
 *(.lowtext*)
                0x000001fc                __ctors_start = .
 *(.ctors)
                0x000001fc                __ctors_end = .
                0x000001fc                __dtors_start = .
 *(.dtors)
                0x000001fc                __dtors_end = .
 SORT(*)(.ctors)
 SORT(*)(.dtors)
 *(.init0)
 .init0         0x000001fc        0x0 C:/Program Files (x86)/Atmel/Studio/7.0/Packs/atmel/XMEGAA_DFP/1.0.36/gcc/dev/atxmega128a3u/avrxmega6/crtatxmega128a3u.o
                0x000001fc                __init
 *(.init0)
 *(.init1)
 *(.init1)
 *(.init2)
 .init2         0x000001fc       0x10 C:/Program Files (x86)/Atmel/Studio/7.0/Packs/atmel/XMEGAA_DFP/1.0.36/gcc/dev/atxmega128a3u/avrxmega6/crtatxmega128a3u.o
 *(.init2)
 *(.init3)
 *(.init3)
 *(.init4)
 .init4         0x0000020c       0x1a c:/program files (x86)/atmel/studio/7.0/toolchain/avr8/avr8-gnu-toolchain/bin/../lib/gcc/avr/4.9.2/avrxmega6\libgcc.a(_copy_data.o)
                0x0000020c                __do_copy_data
 *(.init4)
 *(.init5)
 *(.init5)
 *(.init6)
 *(.init6)
 *(.init7)
 *(.init7)
 *(.init8)
 *(.init8)
 *(.init9)
 .init9         0x00000226        0x8 C:/Program Files (x86)/Atmel/Studio/7.0/Packs/atmel/XMEGAA_DFP/1.0.36/gcc/dev/atxmega128a3u/avrxmega6/crtatxmega128a3u.o
 *(.init9)
 *(.text)
 .text          0x0000022e        0x4 C:/Program Files (x86)/Atmel/Studio/7.0/Packs/atmel/XMEGAA_DFP/1.0.36/gcc/dev/atxmega128a3u/avrxmega6/crtatxmega128a3u.o
                0x0000022e                __vector_38
                0x0000022e                __vector_104
                0x0000022e                __vector_22
                0x0000022e                __vector_63
                0x0000022e                __vector_28
                0x0000022e                __vector_67
                0x0000022e                __vector_1
                0x0000022e                __vector_119
                0x0000022e                __vector_32
                0x0000022e                __vector_75
                0x0000022e                __vector_71
                0x0000022e                __vector_91
                0x0000022e                __vector_34
                0x0000022e                __vector_62
                0x0000022e                __vector_77
                0x0000022e                __vector_102
                0x0000022e                __vector_24
                0x0000022e                __vector_12
                0x0000022e                __vector_55
                0x0000022e                __vector_69
                0x0000022e                __vector_81
                0x0000022e                __vector_90
                0x0000022e                __vector_46
                0x0000022e                __bad_interrupt
                0x0000022e                __vector_122
                0x0000022e                __vector_72
                0x0000022e                __vector_114
                0x0000022e                __vector_6
                0x0000022e                __vector_110
                0x0000022e                __vector_31
                0x0000022e                __vector_92
                0x0000022e                __vector_35
                0x0000022e                __vector_78
                0x0000022e                __vector_74
                0x0000022e                __vector_117
                0x0000022e                __vector_39
                0x0000022e                __vector_107
                0x0000022e                __vector_3
                0x0000022e                __vector_105
                0x0000022e                __vector_98
                0x0000022e                __vector_23
                0x0000022e                __vector_68
                0x0000022e                __vector_30
                0x0000022e                __vector_73
                0x0000022e                __vector_45
                0x0000022e                __vector_25
                0x0000022e                __vector_93
                0x0000022e                __vector_61
                0x0000022e                __vector_11
                0x0000022e                __vector_54
                0x0000022e                __vector_99
                0x0000022e                __vector_13
                0x0000022e                __vector_17
                0x0000022e                __vector_19
                0x0000022e                __vector_56
                0x0000022e                __vector_7
                0x0000022e                __vector_125
                0x0000022e                __vector_49
                0x0000022e                __vector_123
                0x0000022e                __vector_41
                0x0000022e                __vector_86
                0x0000022e                __vector_100
                0x0000022e                __vector_101
                0x0000022e                __vector_64
                0x0000022e                __vector_88
                0x0000022e                __vector_109
                0x0000022e                __vector_43
                0x0000022e                __vector_27
                0x0000022e                __vector_5
                0x0000022e                __vector_113
                0x0000022e                __vector_33
                0x0000022e                __vector_76
                0x0000022e                __vector_115
                0x0000022e                __vector_47
                0x0000022e                __vector_52
                0x0000022e                __vector_37
                0x0000022e                __vector_95
                0x0000022e                __vector_103
                0x0000022e                __vector_96
                0x0000022e                __vector_89
                0x0000022e                __vector_108
                0x0000022e                __vector_4
                0x0000022e                __vector_44
                0x0000022e                __vector_82
                0x0000022e                __vector_106
                0x0000022e                __vector_118
                0x0000022e                __vector_51
                0x0000022e                __vector_9
                0x0000022e                __vector_2
                0x0000022e                __vector_21
                0x0000022e                __vector_15
                0x0000022e                __vector_66
                0x0000022e                __vector_36
                0x0000022e                __vector_79
                0x0000022e                __vector_58
                0x0000022e                __vector_70
                0x0000022e                __vector_83
                0x0000022e                __vector_29
                0x0000022e                __vector_60
                0x0000022e                __vector_121
                0x0000022e                __vector_40
                0x0000022e                __vector_85
                0x0000022e                __vector_94
                0x0000022e                __vector_126
                0x0000022e                __vector_8
                0x0000022e                __vector_26
                0x0000022e                __vector_48
                0x0000022e                __vector_124
                0x0000022e                __vector_116
                0x0000022e                __vector_112
                0x0000022e                __vector_111
                0x0000022e                __vector_80
                0x0000022e                __vector_14
                0x0000022e                __vector_84
                0x0000022e                __vector_57
                0x0000022e                __vector_53
                0x0000022e                __vector_10
                0x0000022e                __vector_50
                0x0000022e                __vector_16
                0x0000022e                __vector_59
                0x0000022e                __vector_18
                0x0000022e                __vector_97
                0x0000022e                __vector_20
                0x0000022e                __vector_42
                0x0000022e                __vector_87
                0x0000022e                __vector_65
                0x0000022e                __vector_120
                0x00000232                . = ALIGN (0x2)
 *(.text.*)
 .text.main     0x00000232       0x4a main.o
                0x00000232                main
 .text.init_osc32
                0x0000027c       0x26 Oscylator_init.o
                0x0000027c                init_osc32
                0x000002a2                . = ALIGN (0x2)
 *(.fini9)
 .fini9         0x000002a2        0x0 c:/program files (x86)/atmel/studio/7.0/toolchain/avr8/avr8-gnu-toolchain/bin/../lib/gcc/avr/4.9.2/avrxmega6\libgcc.a(_exit.o)
                0x000002a2                _exit
                0x000002a2                exit
 *(.fini9)
 *(.fini8)
 *(.fini8)
 *(.fini7)
 *(.fini7)
 *(.fini6)
 *(.fini6)
 *(.fini5)
 *(.fini5)
 *(.fini4)
 *(.fini4)
 *(.fini3)
 *(.fini3)
 *(.fini2)
 *(.fini2)
 *(.fini1)
 *(.fini1)
 *(.fini0)
 .fini0         0x000002a2        0x4 c:/program files (x86)/atmel/studio/7.0/toolchain/avr8/avr8-gnu-toolchain/bin/../lib/gcc/avr/4.9.2/avrxmega6\libgcc.a(_exit.o)
 *(.fini0)
                0x000002a6                _etext = .

.data           0x00802000        0x0 load address 0x000002a6
                0x00802000                PROVIDE (__data_start, .)
 *(.data)
 *(.data*)
 *(.rodata)
 *(.rodata*)
 *(.gnu.linkonce.d*)
                0x00802000                . = ALIGN (0x2)
                0x00802000                _edata = .
                0x00802000                PROVIDE (__data_end, .)

.bss            0x00802000        0x0
                0x00802000                PROVIDE (__bss_start, .)
 *(.bss)
 *(.bss*)
 *(COMMON)
                0x00802000                PROVIDE (__bss_end, .)
                0x000002a6                __data_load_start = LOADADDR (.data)
                0x000002a6                __data_load_end = (__data_load_start + SIZEOF (.data))

.noinit         0x00802000        0x0
                0x00802000                PROVIDE (__noinit_start, .)
 *(.noinit*)
                0x00802000                PROVIDE (__noinit_end, .)
                0x00802000                _end = .
                0x00802000                PROVIDE (__heap_start, .)

.eeprom         0x00810000        0x0
 *(.eeprom*)
                0x00810000                __eeprom_end = .

.fuse
 *(.fuse)
 *(.lfuse)
 *(.hfuse)
 *(.efuse)

.lock
 *(.lock*)

.signature
 *(.signature*)

.user_signatures
 *(.user_signatures*)

.stab
 *(.stab)

.stabstr
 *(.stabstr)

.stab.excl
 *(.stab.excl)

.stab.exclstr
 *(.stab.exclstr)

.stab.index
 *(.stab.index)

.stab.indexstr
 *(.stab.indexstr)

.comment        0x00000000       0x30
 *(.comment)
 .comment       0x00000000       0x30 main.o
                                 0x31 (size before relaxing)
 .comment       0x00000030       0x31 Oscylator_init.o

.note.gnu.avr.deviceinfo
                0x00000000       0x40
 .note.gnu.avr.deviceinfo
                0x00000000       0x40 C:/Program Files (x86)/Atmel/Studio/7.0/Packs/atmel/XMEGAA_DFP/1.0.36/gcc/dev/atxmega128a3u/avrxmega6/crtatxmega128a3u.o

.note.gnu.build-id
 *(.note.gnu.build-id)

.debug
 *(.debug)

.line
 *(.line)

.debug_srcinfo
 *(.debug_srcinfo)

.debug_sfnames
 *(.debug_sfnames)

.debug_aranges  0x00000000       0x48
 *(.debug_aranges)
 .debug_aranges
                0x00000000       0x28 main.o
 .debug_aranges
                0x00000028       0x20 Oscylator_init.o

.debug_pubnames
 *(.debug_pubnames)

.debug_info     0x00000000      0x7ce
 *(.debug_info .gnu.linkonce.wi.*)
 .debug_info    0x00000000      0x60d main.o
 .debug_info    0x0000060d      0x1c1 Oscylator_init.o

.debug_abbrev   0x00000000      0x2a2
 *(.debug_abbrev)
 .debug_abbrev  0x00000000      0x1e9 main.o
 .debug_abbrev  0x000001e9       0xb9 Oscylator_init.o

.debug_line     0x00000000      0x2cc
 *(.debug_line .debug_line.* .debug_line_end)
 .debug_line    0x00000000      0x1bb main.o
 .debug_line    0x000001bb      0x111 Oscylator_init.o

.debug_frame    0x00000000       0x7c
 *(.debug_frame)
 .debug_frame   0x00000000       0x58 main.o
 .debug_frame   0x00000058       0x24 Oscylator_init.o

.debug_str      0x00000000      0x5eb
 *(.debug_str)
 .debug_str     0x00000000      0x4d4 main.o
                                0x51e (size before relaxing)
 .debug_str     0x000004d4      0x117 Oscylator_init.o
                                0x2aa (size before relaxing)

.debug_loc      0x00000000       0x7c
 *(.debug_loc)
 .debug_loc     0x00000000       0x7c main.o

.debug_macinfo
 *(.debug_macinfo)

.debug_weaknames
 *(.debug_weaknames)

.debug_funcnames
 *(.debug_funcnames)

.debug_typenames
 *(.debug_typenames)

.debug_varnames
 *(.debug_varnames)

.debug_pubtypes
 *(.debug_pubtypes)

.debug_ranges   0x00000000       0x28
 *(.debug_ranges)
 .debug_ranges  0x00000000       0x18 main.o
 .debug_ranges  0x00000018       0x10 Oscylator_init.o

.debug_macro
 *(.debug_macro)
OUTPUT(SPI_timer.elf elf32-avr)
LOAD linker stubs
